C:/TouchGFXProjects/MyApplication/Core/Src/main.c:1015:13:SPI5_Write	1
C:/TouchGFXProjects/MyApplication/Core/Src/main.c:276:6:SystemClock_Config	1
C:/TouchGFXProjects/MyApplication/Core/Src/main.c:710:6:Buzzer_Init	1
C:/TouchGFXProjects/MyApplication/Core/Src/main.c:179:5:main	2
C:/TouchGFXProjects/MyApplication/Core/Src/main.c:756:6:Buzzer_SetTone	2
C:/TouchGFXProjects/MyApplication/Core/Src/main.c:1154:6:StartDefaultTask	2
C:/TouchGFXProjects/MyApplication/Core/Src/main.c:777:10:Get_ADC_Value	1
C:/TouchGFXProjects/MyApplication/Core/Src/main.c:1118:6:StartInputTask	5
C:/TouchGFXProjects/MyApplication/Core/Src/main.c:859:6:IOE_Init	1
C:/TouchGFXProjects/MyApplication/Core/Src/main.c:868:6:IOE_ITConfig	1
C:/TouchGFXProjects/MyApplication/Core/Src/main.c:880:6:IOE_Write	1
C:/TouchGFXProjects/MyApplication/Core/Src/main.c:891:9:IOE_Read	1
C:/TouchGFXProjects/MyApplication/Core/Src/main.c:904:10:IOE_ReadMultiple	1
C:/TouchGFXProjects/MyApplication/Core/Src/main.c:913:6:IOE_Delay	1
C:/TouchGFXProjects/MyApplication/Core/Src/main.c:1041:6:LCD_IO_Init	1
C:/TouchGFXProjects/MyApplication/Core/Src/main.c:1051:6:LCD_IO_WriteData	1
C:/TouchGFXProjects/MyApplication/Core/Src/main.c:1067:6:LCD_IO_WriteReg	1
C:/TouchGFXProjects/MyApplication/Core/Src/main.c:1086:10:LCD_IO_ReadData	1
C:/TouchGFXProjects/MyApplication/Core/Src/main.c:1113:6:LCD_Delay	1
C:/TouchGFXProjects/MyApplication/Core/Src/main.c:1193:6:HAL_TIM_PeriodElapsedCallback	2
C:/TouchGFXProjects/MyApplication/Core/Src/main.c:1211:6:Error_Handler	1
