../../TouchGFX/gui/include/gui/screen1_screen/Screen1Presenter.hpp:30:13:Screen1Presenter::~Screen1Presenter()	0	static
C:/TouchGFXProjects/MyApplication/TouchGFX/gui/src/screen1_screen/Screen1Presenter.cpp:11:6:virtual void Screen1Presenter::activate()	0	static
../../TouchGFX/gui/include/gui/screen1_screen/Screen1Presenter.hpp:30:13:virtual Screen1Presenter::~Screen1Presenter()	8	static
C:/TouchGFXProjects/MyApplication/TouchGFX/gui/src/screen1_screen/Screen1Presenter.cpp:21:6:virtual void Screen1Presenter::moveShip(uint8_t)	0	static
../../TouchGFX/gui/include/gui/screen1_screen/Screen1Presenter.hpp:30:13:virtual void* Screen1Presenter::_ZThn4_N16Screen1PresenterD1Ev()	0	static
C:/TouchGFXProjects/MyApplication/TouchGFX/gui/src/screen1_screen/Screen1Presenter.cpp:5:1:Screen1Presenter::Screen1Presenter(Screen1View&)	0	static
C:/TouchGFXProjects/MyApplication/TouchGFX/gui/src/screen1_screen/Screen1Presenter.cpp:26:6:void Screen1Presenter::gameOver()	8	static
